// Jest Snapshot v1, https://goo.gl/fbAQLP

exports[`build should build a project 1`] = `
Array [
  Object {
    "command": "git clone https://github.com/facebookincubator/create-react-app.git .",
  },
  Object {
    "command": "git config user.name \\"monorepo-build\\"",
  },
  Object {
    "command": "git config user.email \\"monorepo-build@hostname.local\\"",
  },
  Object {
    "command": "git reset --hard HEAD",
  },
  Object {
    "command": "git add -A",
  },
  Object {
    "command": "git commit -m \\"chore: alias packages\\"",
  },
]
`;
